[CWD]/tests/itest/a
[CWD]/tests/itest/b
[CWD]/tests/itest/c
[CWD]/tests/itest/d
[CWD]/tests/itest/dereferenced-sort-size
[CWD]/tests/itest/dir-symlink -> vagrant/debug
[CWD]/tests/itest/e
[CWD]/tests/itest/exa
[CWD]/tests/itest/f
[CWD]/tests/itest/g
[CWD]/tests/itest/h
[CWD]/tests/itest/i
[CWD]/tests/itest/image.jpg.img.c.rs.log.png
[CWD]/tests/itest/index.svg
[CWD]/tests/itest/j
[CWD]/tests/itest/k
[CWD]/tests/itest/l
[CWD]/tests/itest/m
[CWD]/tests/itest/n
[CWD]/tests/itest/o
[CWD]/tests/itest/p
[CWD]/tests/itest/q
[CWD]/tests/itest/vagrant
