a
b
c
complex_tar.tar
d
dir-symlink -> vagrant/debug
e
exa
f
g
h
i
image.jpg.img.c.rs.log.png
index.svg
j
k
l
m
n
not_a_tar.tar
o
p
q
recursive_tar.tar
simple_tar.tar
vagrant
