tests/itest
├── a
├── b
├── c
├── complex_tar.tar
├── d
├── dir-symlink -> vagrant/debug
│   ├── a
│   ├── symlink -> a
│   └── symlink-broken -> ./b
├── e
├── exa
│   ├── file.c -> djihisudjuhfius
│   └── sssssssssssssssssssssssssggggggggggggggggggggggggggggggggggggggggggggggggggggggggggggggggggggggggsssssssssssssssssssssssssssssssssssssssssssssssssssssssssssssssssss
│       └── Makefile
├── f
├── g
├── h
├── i
├── image.jpg.img.c.rs.log.png
├── index.svg
├── j
├── k
├── l
├── m
├── n
├── not_a_tar.tar
├── o
├── p
├── q
├── recursive_tar.tar
├── simple_tar.tar
└── vagrant
    ├── debug
    │   ├── a
    │   ├── symlink -> a
    │   └── symlink-broken -> ./b
    ├── dev
    │   └── main.bf
    └── log
        ├── file.png
        └── run
            ├── run.log.text
            └── sps.log.text
