.rw-r--r--  0 nixbld  1 Jan  1970  a
.rw-r--r--  0 nixbld  1 Jan  1970  b
.rw-r--r--  0 nixbld  1 Jan  1970  c
.rw-r--r--  0 nixbld  1 Jan  1970  d
.rw-r--r--  0 nixbld  1 Jan  1970  e
drwxr-xr-x  - nixbld  1 Jan  1970  exa
.rw-r--r--  0 nixbld  1 Jan  1970  f
.rw-r--r--  0 nixbld  1 Jan  1970  g
.rw-r--r--  0 nixbld  1 Jan  1970  h
.rw-r--r--  0 nixbld  1 Jan  1970  i
.rw-r--r--  0 nixbld  1 Jan  1970  image.jpg.img.c.rs.log.png
.rw-r--r-- 19 nixbld  1 Jan  1970 󰕙 index.svg
.rw-r--r--  0 nixbld  1 Jan  1970  j
.rw-r--r--  0 nixbld  1 Jan  1970  k
.rw-r--r--  0 nixbld  1 Jan  1970  l
.rw-r--r--  0 nixbld  1 Jan  1970  m
.rw-r--r--  0 nixbld  1 Jan  1970  n
.rw-r--r--  0 nixbld  1 Jan  1970  o
.rw-r--r--  0 nixbld  1 Jan  1970  p
.rw-r--r--  0 nixbld  1 Jan  1970  q
drwxr-xr-x  - nixbld  1 Jan  1970  vagrant
