-a--- a
-a--- b
-a--- c
-a--- d
d---- dereferenced-sort-size
l---- dir-symlink -> vagrant/debug
-a--- e
d---- exa
-a--- f
-a--- g
-a--- h
-a--- i
-a--- image.jpg.img.c.rs.log.png
-a--- index.svg
-a--- j
-a--- k
-a--- l
-a--- m
-a--- n
-a--- o
-a--- p
-a--- q
d---- vagrant
