a
b
c
d
dir-symlink -> vagrant/debug
e
exa
f
g
h
i
image.jpg.img.c.rs.log.png
index.svg
j
k
l
m
n
o
p
q
vagrant
