tests/itest
├── a
├── b
├── c
├── d
├── dir-symlink -> vagrant/debug
├── e
├── exa
│   ├── file.c -> djihisudjuhfius
│   └── sssssssssssssssssssssssssggggggggggggggggggggggggggggggggggggggggggggggggggggggggggggggggggggggggsssssssssssssssssssssssssssssssssssssssssssssssssssssssssssssssssss
│       └── Makefile
├── f
├── g
├── h
├── i
├── image.jpg.img.c.rs.log.png
├── index.svg
├── j
├── k
├── l
├── m
├── n
├── o
├── p
├── q
└── vagrant
    ├── debug
    │   ├── a
    │   ├── symlink -> a
    │   └── symlink-broken -> ./b
    ├── dev
    │   └── main.bf
    └── log
        ├── file.png
        └── run
            ├── run.log.text
            └── sps.log.text
