[1;34marchives[0m
[1;34mgit[0m
[1;34mgrid[0m
[1;34mgroup[0m
[1;34micons[0m
[1;34mperms[0m
[1;34msize[0m
[1;34mspecials[0m
[1;34msymlinks[0m
[1;34mtime[0m
