eza - A modern, maintained replacement for ls
v0.21.4 [+git] (pre-release debug build!)
https://github.com/eza-community/eza
