tests/test_dir
├── git
│   ├── 001
│   ├── 002
│   ├── 003
│   ├── 004
│   ├── 005
│   ├── 006
│   ├── 007
│   ├── 008
│   ├── 009
│   └── 010
├── grid
│   ├── 0001
│   ├── 0002
│   ├── 0003
│   ├── 0004
│   ├── 0005
│   ├── 0006
│   ├── 0007
│   ├── 0008
│   ├── 0009
│   ├── 0010
│   ├── 0011
│   ├── 0012
│   ├── 0013
│   ├── 0014
│   ├── 0015
│   ├── 0016
│   ├── 0017
│   ├── 0018
│   ├── 0019
│   ├── 0020
│   ├── 0021
│   ├── 0022
│   ├── 0023
│   ├── 0024
│   ├── 0025
│   ├── 0026
│   ├── 0027
│   ├── 0028
│   ├── 0029
│   ├── 0030
│   ├── 0031
│   ├── 0032
│   ├── 0033
│   ├── 0034
│   ├── 0035
│   ├── 0036
│   ├── 0037
│   ├── 0038
│   ├── 0039
│   ├── 0040
│   ├── 0041
│   ├── 0042
│   ├── 0043
│   ├── 0044
│   ├── 0045
│   ├── 0046
│   ├── 0047
│   ├── 0048
│   ├── 0049
│   ├── 0050
│   ├── 0051
│   ├── 0052
│   ├── 0053
│   ├── 0054
│   ├── 0055
│   ├── 0056
│   ├── 0057
│   ├── 0058
│   ├── 0059
│   ├── 0060
│   ├── 0061
│   ├── 0062
│   ├── 0063
│   ├── 0064
│   ├── 0065
│   ├── 0066
│   ├── 0067
│   ├── 0068
│   ├── 0069
│   ├── 0070
│   ├── 0071
│   ├── 0072
│   ├── 0073
│   ├── 0074
│   ├── 0075
│   ├── 0076
│   ├── 0077
│   ├── 0078
│   ├── 0079
│   ├── 0080
│   ├── 0081
│   ├── 0082
│   ├── 0083
│   ├── 0084
│   ├── 0085
│   ├── 0086
│   ├── 0087
│   ├── 0088
│   ├── 0089
│   ├── 0090
│   ├── 0091
│   ├── 0092
│   ├── 0093
│   ├── 0094
│   ├── 0095
│   ├── 0096
│   ├── 0097
│   ├── 0098
│   ├── 0099
│   ├── 0100
│   ├── 0101
│   ├── 0102
│   ├── 0103
│   ├── 0104
│   ├── 0105
│   ├── 0106
│   ├── 0107
│   ├── 0108
│   ├── 0109
│   ├── 0110
│   ├── 0111
│   ├── 0112
│   ├── 0113
│   ├── 0114
│   ├── 0115
│   ├── 0116
│   ├── 0117
│   ├── 0118
│   ├── 0119
│   ├── 0120
│   ├── 0121
│   ├── 0122
│   ├── 0123
│   ├── 0124
│   ├── 0125
│   ├── 0126
│   ├── 0127
│   ├── 0128
│   ├── 0129
│   ├── 0130
│   ├── 0131
│   ├── 0132
│   ├── 0133
│   ├── 0134
│   ├── 0135
│   ├── 0136
│   ├── 0137
│   ├── 0138
│   ├── 0139
│   ├── 0140
│   ├── 0141
│   ├── 0142
│   ├── 0143
│   ├── 0144
│   ├── 0145
│   ├── 0146
│   ├── 0147
│   ├── 0148
│   ├── 0149
│   ├── 0150
│   ├── 0151
│   ├── 0152
│   ├── 0153
│   ├── 0154
│   ├── 0155
│   ├── 0156
│   ├── 0157
│   ├── 0158
│   ├── 0159
│   ├── 0160
│   ├── 0161
│   ├── 0162
│   ├── 0163
│   ├── 0164
│   ├── 0165
│   ├── 0166
│   ├── 0167
│   ├── 0168
│   ├── 0169
│   ├── 0170
│   ├── 0171
│   ├── 0172
│   ├── 0173
│   ├── 0174
│   ├── 0175
│   ├── 0176
│   ├── 0177
│   ├── 0178
│   ├── 0179
│   ├── 0180
│   ├── 0181
│   ├── 0182
│   ├── 0183
│   ├── 0184
│   ├── 0185
│   ├── 0186
│   ├── 0187
│   ├── 0188
│   ├── 0189
│   ├── 0190
│   ├── 0191
│   ├── 0192
│   ├── 0193
│   ├── 0194
│   ├── 0195
│   ├── 0196
│   ├── 0197
│   ├── 0198
│   ├── 0199
│   ├── 0200
│   ├── 0201
│   ├── 0202
│   ├── 0203
│   ├── 0204
│   ├── 0205
│   ├── 0206
│   ├── 0207
│   ├── 0208
│   ├── 0209
│   ├── 0210
│   ├── 0211
│   ├── 0212
│   ├── 0213
│   ├── 0214
│   ├── 0215
│   ├── 0216
│   ├── 0217
│   ├── 0218
│   ├── 0219
│   ├── 0220
│   ├── 0221
│   ├── 0222
│   ├── 0223
│   ├── 0224
│   ├── 0225
│   ├── 0226
│   ├── 0227
│   ├── 0228
│   ├── 0229
│   ├── 0230
│   ├── 0231
│   ├── 0232
│   ├── 0233
│   ├── 0234
│   ├── 0235
│   ├── 0236
│   ├── 0237
│   ├── 0238
│   ├── 0239
│   ├── 0240
│   ├── 0241
│   ├── 0242
│   ├── 0243
│   ├── 0244
│   ├── 0245
│   ├── 0246
│   ├── 0247
│   ├── 0248
│   ├── 0249
│   ├── 0250
│   ├── 0251
│   ├── 0252
│   ├── 0253
│   ├── 0254
│   ├── 0255
│   ├── 0256
│   ├── 0257
│   ├── 0258
│   ├── 0259
│   ├── 0260
│   ├── 0261
│   ├── 0262
│   ├── 0263
│   ├── 0264
│   ├── 0265
│   ├── 0266
│   ├── 0267
│   ├── 0268
│   ├── 0269
│   ├── 0270
│   ├── 0271
│   ├── 0272
│   ├── 0273
│   ├── 0274
│   ├── 0275
│   ├── 0276
│   ├── 0277
│   ├── 0278
│   ├── 0279
│   ├── 0280
│   ├── 0281
│   ├── 0282
│   ├── 0283
│   ├── 0284
│   ├── 0285
│   ├── 0286
│   ├── 0287
│   ├── 0288
│   ├── 0289
│   ├── 0290
│   ├── 0291
│   ├── 0292
│   ├── 0293
│   ├── 0294
│   ├── 0295
│   ├── 0296
│   ├── 0297
│   ├── 0298
│   ├── 0299
│   ├── 0300
│   ├── 0301
│   ├── 0302
│   ├── 0303
│   ├── 0304
│   ├── 0305
│   ├── 0306
│   ├── 0307
│   ├── 0308
│   ├── 0309
│   ├── 0310
│   ├── 0311
│   ├── 0312
│   ├── 0313
│   ├── 0314
│   ├── 0315
│   ├── 0316
│   ├── 0317
│   ├── 0318
│   ├── 0319
│   ├── 0320
│   ├── 0321
│   ├── 0322
│   ├── 0323
│   ├── 0324
│   ├── 0325
│   ├── 0326
│   ├── 0327
│   ├── 0328
│   ├── 0329
│   ├── 0330
│   ├── 0331
│   ├── 0332
│   ├── 0333
│   ├── 0334
│   ├── 0335
│   ├── 0336
│   ├── 0337
│   ├── 0338
│   ├── 0339
│   ├── 0340
│   ├── 0341
│   ├── 0342
│   ├── 0343
│   ├── 0344
│   ├── 0345
│   ├── 0346
│   ├── 0347
│   ├── 0348
│   ├── 0349
│   ├── 0350
│   ├── 0351
│   ├── 0352
│   ├── 0353
│   ├── 0354
│   ├── 0355
│   ├── 0356
│   ├── 0357
│   ├── 0358
│   ├── 0359
│   ├── 0360
│   ├── 0361
│   ├── 0362
│   ├── 0363
│   ├── 0364
│   ├── 0365
│   ├── 0366
│   ├── 0367
│   ├── 0368
│   ├── 0369
│   ├── 0370
│   ├── 0371
│   ├── 0372
│   ├── 0373
│   ├── 0374
│   ├── 0375
│   ├── 0376
│   ├── 0377
│   ├── 0378
│   ├── 0379
│   ├── 0380
│   ├── 0381
│   ├── 0382
│   ├── 0383
│   ├── 0384
│   ├── 0385
│   ├── 0386
│   ├── 0387
│   ├── 0388
│   ├── 0389
│   ├── 0390
│   ├── 0391
│   ├── 0392
│   ├── 0393
│   ├── 0394
│   ├── 0395
│   ├── 0396
│   ├── 0397
│   ├── 0398
│   ├── 0399
│   ├── 0400
│   ├── 0401
│   ├── 0402
│   ├── 0403
│   ├── 0404
│   ├── 0405
│   ├── 0406
│   ├── 0407
│   ├── 0408
│   ├── 0409
│   ├── 0410
│   ├── 0411
│   ├── 0412
│   ├── 0413
│   ├── 0414
│   ├── 0415
│   ├── 0416
│   ├── 0417
│   ├── 0418
│   ├── 0419
│   ├── 0420
│   ├── 0421
│   ├── 0422
│   ├── 0423
│   ├── 0424
│   ├── 0425
│   ├── 0426
│   ├── 0427
│   ├── 0428
│   ├── 0429
│   ├── 0430
│   ├── 0431
│   ├── 0432
│   ├── 0433
│   ├── 0434
│   ├── 0435
│   ├── 0436
│   ├── 0437
│   ├── 0438
│   ├── 0439
│   ├── 0440
│   ├── 0441
│   ├── 0442
│   ├── 0443
│   ├── 0444
│   ├── 0445
│   ├── 0446
│   ├── 0447
│   ├── 0448
│   ├── 0449
│   ├── 0450
│   ├── 0451
│   ├── 0452
│   ├── 0453
│   ├── 0454
│   ├── 0455
│   ├── 0456
│   ├── 0457
│   ├── 0458
│   ├── 0459
│   ├── 0460
│   ├── 0461
│   ├── 0462
│   ├── 0463
│   ├── 0464
│   ├── 0465
│   ├── 0466
│   ├── 0467
│   ├── 0468
│   ├── 0469
│   ├── 0470
│   ├── 0471
│   ├── 0472
│   ├── 0473
│   ├── 0474
│   ├── 0475
│   ├── 0476
│   ├── 0477
│   ├── 0478
│   ├── 0479
│   ├── 0480
│   ├── 0481
│   ├── 0482
│   ├── 0483
│   ├── 0484
│   ├── 0485
│   ├── 0486
│   ├── 0487
│   ├── 0488
│   ├── 0489
│   ├── 0490
│   ├── 0491
│   ├── 0492
│   ├── 0493
│   ├── 0494
│   ├── 0495
│   ├── 0496
│   ├── 0497
│   ├── 0498
│   ├── 0499
│   ├── 0500
│   ├── 0501
│   ├── 0502
│   ├── 0503
│   ├── 0504
│   ├── 0505
│   ├── 0506
│   ├── 0507
│   ├── 0508
│   ├── 0509
│   ├── 0510
│   ├── 0511
│   ├── 0512
│   ├── 0513
│   ├── 0514
│   ├── 0515
│   ├── 0516
│   ├── 0517
│   ├── 0518
│   ├── 0519
│   ├── 0520
│   ├── 0521
│   ├── 0522
│   ├── 0523
│   ├── 0524
│   ├── 0525
│   ├── 0526
│   ├── 0527
│   ├── 0528
│   ├── 0529
│   ├── 0530
│   ├── 0531
│   ├── 0532
│   ├── 0533
│   ├── 0534
│   ├── 0535
│   ├── 0536
│   ├── 0537
│   ├── 0538
│   ├── 0539
│   ├── 0540
│   ├── 0541
│   ├── 0542
│   ├── 0543
│   ├── 0544
│   ├── 0545
│   ├── 0546
│   ├── 0547
│   ├── 0548
│   ├── 0549
│   ├── 0550
│   ├── 0551
│   ├── 0552
│   ├── 0553
│   ├── 0554
│   ├── 0555
│   ├── 0556
│   ├── 0557
│   ├── 0558
│   ├── 0559
│   ├── 0560
│   ├── 0561
│   ├── 0562
│   ├── 0563
│   ├── 0564
│   ├── 0565
│   ├── 0566
│   ├── 0567
│   ├── 0568
│   ├── 0569
│   ├── 0570
│   ├── 0571
│   ├── 0572
│   ├── 0573
│   ├── 0574
│   ├── 0575
│   ├── 0576
│   ├── 0577
│   ├── 0578
│   ├── 0579
│   ├── 0580
│   ├── 0581
│   ├── 0582
│   ├── 0583
│   ├── 0584
│   ├── 0585
│   ├── 0586
│   ├── 0587
│   ├── 0588
│   ├── 0589
│   ├── 0590
│   ├── 0591
│   ├── 0592
│   ├── 0593
│   ├── 0594
│   ├── 0595
│   ├── 0596
│   ├── 0597
│   ├── 0598
│   ├── 0599
│   ├── 0600
│   ├── 0601
│   ├── 0602
│   ├── 0603
│   ├── 0604
│   ├── 0605
│   ├── 0606
│   ├── 0607
│   ├── 0608
│   ├── 0609
│   ├── 0610
│   ├── 0611
│   ├── 0612
│   ├── 0613
│   ├── 0614
│   ├── 0615
│   ├── 0616
│   ├── 0617
│   ├── 0618
│   ├── 0619
│   ├── 0620
│   ├── 0621
│   ├── 0622
│   ├── 0623
│   ├── 0624
│   ├── 0625
│   ├── 0626
│   ├── 0627
│   ├── 0628
│   ├── 0629
│   ├── 0630
│   ├── 0631
│   ├── 0632
│   ├── 0633
│   ├── 0634
│   ├── 0635
│   ├── 0636
│   ├── 0637
│   ├── 0638
│   ├── 0639
│   ├── 0640
│   ├── 0641
│   ├── 0642
│   ├── 0643
│   ├── 0644
│   ├── 0645
│   ├── 0646
│   ├── 0647
│   ├── 0648
│   ├── 0649
│   ├── 0650
│   ├── 0651
│   ├── 0652
│   ├── 0653
│   ├── 0654
│   ├── 0655
│   ├── 0656
│   ├── 0657
│   ├── 0658
│   ├── 0659
│   ├── 0660
│   ├── 0661
│   ├── 0662
│   ├── 0663
│   ├── 0664
│   ├── 0665
│   ├── 0666
│   ├── 0667
│   ├── 0668
│   ├── 0669
│   ├── 0670
│   ├── 0671
│   ├── 0672
│   ├── 0673
│   ├── 0674
│   ├── 0675
│   ├── 0676
│   ├── 0677
│   ├── 0678
│   ├── 0679
│   ├── 0680
│   ├── 0681
│   ├── 0682
│   ├── 0683
│   ├── 0684
│   ├── 0685
│   ├── 0686
│   ├── 0687
│   ├── 0688
│   ├── 0689
│   ├── 0690
│   ├── 0691
│   ├── 0692
│   ├── 0693
│   ├── 0694
│   ├── 0695
│   ├── 0696
│   ├── 0697
│   ├── 0698
│   ├── 0699
│   ├── 0700
│   ├── 0701
│   ├── 0702
│   ├── 0703
│   ├── 0704
│   ├── 0705
│   ├── 0706
│   ├── 0707
│   ├── 0708
│   ├── 0709
│   ├── 0710
│   ├── 0711
│   ├── 0712
│   ├── 0713
│   ├── 0714
│   ├── 0715
│   ├── 0716
│   ├── 0717
│   ├── 0718
│   ├── 0719
│   ├── 0720
│   ├── 0721
│   ├── 0722
│   ├── 0723
│   ├── 0724
│   ├── 0725
│   ├── 0726
│   ├── 0727
│   ├── 0728
│   ├── 0729
│   ├── 0730
│   ├── 0731
│   ├── 0732
│   ├── 0733
│   ├── 0734
│   ├── 0735
│   ├── 0736
│   ├── 0737
│   ├── 0738
│   ├── 0739
│   ├── 0740
│   ├── 0741
│   ├── 0742
│   ├── 0743
│   ├── 0744
│   ├── 0745
│   ├── 0746
│   ├── 0747
│   ├── 0748
│   ├── 0749
│   ├── 0750
│   ├── 0751
│   ├── 0752
│   ├── 0753
│   ├── 0754
│   ├── 0755
│   ├── 0756
│   ├── 0757
│   ├── 0758
│   ├── 0759
│   ├── 0760
│   ├── 0761
│   ├── 0762
│   ├── 0763
│   ├── 0764
│   ├── 0765
│   ├── 0766
│   ├── 0767
│   ├── 0768
│   ├── 0769
│   ├── 0770
│   ├── 0771
│   ├── 0772
│   ├── 0773
│   ├── 0774
│   ├── 0775
│   ├── 0776
│   ├── 0777
│   ├── 0778
│   ├── 0779
│   ├── 0780
│   ├── 0781
│   ├── 0782
│   ├── 0783
│   ├── 0784
│   ├── 0785
│   ├── 0786
│   ├── 0787
│   ├── 0788
│   ├── 0789
│   ├── 0790
│   ├── 0791
│   ├── 0792
│   ├── 0793
│   ├── 0794
│   ├── 0795
│   ├── 0796
│   ├── 0797
│   ├── 0798
│   ├── 0799
│   ├── 0800
│   ├── 0801
│   ├── 0802
│   ├── 0803
│   ├── 0804
│   ├── 0805
│   ├── 0806
│   ├── 0807
│   ├── 0808
│   ├── 0809
│   ├── 0810
│   ├── 0811
│   ├── 0812
│   ├── 0813
│   ├── 0814
│   ├── 0815
│   ├── 0816
│   ├── 0817
│   ├── 0818
│   ├── 0819
│   ├── 0820
│   ├── 0821
│   ├── 0822
│   ├── 0823
│   ├── 0824
│   ├── 0825
│   ├── 0826
│   ├── 0827
│   ├── 0828
│   ├── 0829
│   ├── 0830
│   ├── 0831
│   ├── 0832
│   ├── 0833
│   ├── 0834
│   ├── 0835
│   ├── 0836
│   ├── 0837
│   ├── 0838
│   ├── 0839
│   ├── 0840
│   ├── 0841
│   ├── 0842
│   ├── 0843
│   ├── 0844
│   ├── 0845
│   ├── 0846
│   ├── 0847
│   ├── 0848
│   ├── 0849
│   ├── 0850
│   ├── 0851
│   ├── 0852
│   ├── 0853
│   ├── 0854
│   ├── 0855
│   ├── 0856
│   ├── 0857
│   ├── 0858
│   ├── 0859
│   ├── 0860
│   ├── 0861
│   ├── 0862
│   ├── 0863
│   ├── 0864
│   ├── 0865
│   ├── 0866
│   ├── 0867
│   ├── 0868
│   ├── 0869
│   ├── 0870
│   ├── 0871
│   ├── 0872
│   ├── 0873
│   ├── 0874
│   ├── 0875
│   ├── 0876
│   ├── 0877
│   ├── 0878
│   ├── 0879
│   ├── 0880
│   ├── 0881
│   ├── 0882
│   ├── 0883
│   ├── 0884
│   ├── 0885
│   ├── 0886
│   ├── 0887
│   ├── 0888
│   ├── 0889
│   ├── 0890
│   ├── 0891
│   ├── 0892
│   ├── 0893
│   ├── 0894
│   ├── 0895
│   ├── 0896
│   ├── 0897
│   ├── 0898
│   ├── 0899
│   ├── 0900
│   ├── 0901
│   ├── 0902
│   ├── 0903
│   ├── 0904
│   ├── 0905
│   ├── 0906
│   ├── 0907
│   ├── 0908
│   ├── 0909
│   ├── 0910
│   ├── 0911
│   ├── 0912
│   ├── 0913
│   ├── 0914
│   ├── 0915
│   ├── 0916
│   ├── 0917
│   ├── 0918
│   ├── 0919
│   ├── 0920
│   ├── 0921
│   ├── 0922
│   ├── 0923
│   ├── 0924
│   ├── 0925
│   ├── 0926
│   ├── 0927
│   ├── 0928
│   ├── 0929
│   ├── 0930
│   ├── 0931
│   ├── 0932
│   ├── 0933
│   ├── 0934
│   ├── 0935
│   ├── 0936
│   ├── 0937
│   ├── 0938
│   ├── 0939
│   ├── 0940
│   ├── 0941
│   ├── 0942
│   ├── 0943
│   ├── 0944
│   ├── 0945
│   ├── 0946
│   ├── 0947
│   ├── 0948
│   ├── 0949
│   ├── 0950
│   ├── 0951
│   ├── 0952
│   ├── 0953
│   ├── 0954
│   ├── 0955
│   ├── 0956
│   ├── 0957
│   ├── 0958
│   ├── 0959
│   ├── 0960
│   ├── 0961
│   ├── 0962
│   ├── 0963
│   ├── 0964
│   ├── 0965
│   ├── 0966
│   ├── 0967
│   ├── 0968
│   ├── 0969
│   ├── 0970
│   ├── 0971
│   ├── 0972
│   ├── 0973
│   ├── 0974
│   ├── 0975
│   ├── 0976
│   ├── 0977
│   ├── 0978
│   ├── 0979
│   ├── 0980
│   ├── 0981
│   ├── 0982
│   ├── 0983
│   ├── 0984
│   ├── 0985
│   ├── 0986
│   ├── 0987
│   ├── 0988
│   ├── 0989
│   ├── 0990
│   ├── 0991
│   ├── 0992
│   ├── 0993
│   ├── 0994
│   ├── 0995
│   ├── 0996
│   ├── 0997
│   ├── 0998
│   ├── 0999
│   ├── 1000
│   ├── file_000
│   ├── file_001
│   ├── file_002
│   ├── file_003
│   ├── file_004
│   ├── file_005
│   ├── file_006
│   ├── file_007
│   ├── file_008
│   ├── file_009
│   ├── file_010
│   ├── file_011
│   ├── file_012
│   ├── file_013
│   ├── file_014
│   ├── file_015
│   ├── file_016
│   ├── file_017
│   ├── file_018
│   ├── file_019
│   ├── file_020
│   ├── file_021
│   ├── file_022
│   ├── file_023
│   ├── file_024
│   ├── file_025
│   ├── file_026
│   ├── file_027
│   ├── file_028
│   ├── file_029
│   ├── file_030
│   ├── file_031
│   ├── file_032
│   ├── file_033
│   ├── file_034
│   ├── file_035
│   ├── file_036
│   ├── file_037
│   ├── file_038
│   ├── file_039
│   ├── file_040
│   ├── file_041
│   ├── file_042
│   ├── file_043
│   ├── file_044
│   ├── file_045
│   ├── file_046
│   ├── file_047
│   ├── file_048
│   ├── file_049
│   ├── file_050
│   ├── file_051
│   ├── file_052
│   ├── file_053
│   ├── file_054
│   ├── file_055
│   ├── file_056
│   ├── file_057
│   ├── file_058
│   ├── file_059
│   ├── file_060
│   ├── file_061
│   ├── file_062
│   ├── file_063
│   ├── file_064
│   ├── file_065
│   ├── file_066
│   ├── file_067
│   ├── file_068
│   ├── file_069
│   ├── file_070
│   ├── file_071
│   ├── file_072
│   ├── file_073
│   ├── file_074
│   ├── file_075
│   ├── file_076
│   ├── file_077
│   ├── file_078
│   ├── file_079
│   ├── file_080
│   ├── file_081
│   ├── file_082
│   ├── file_083
│   ├── file_084
│   ├── file_085
│   ├── file_086
│   ├── file_087
│   ├── file_088
│   ├── file_089
│   ├── file_090
│   ├── file_091
│   ├── file_092
│   ├── file_093
│   ├── file_094
│   ├── file_095
│   ├── file_096
│   ├── file_097
│   ├── file_098
│   ├── file_099
│   ├── file_100
│   ├── file_101
│   ├── file_102
│   ├── file_103
│   ├── file_104
│   ├── file_105
│   ├── file_106
│   ├── file_107
│   ├── file_108
│   ├── file_109
│   ├── file_110
│   ├── file_111
│   ├── file_112
│   ├── file_113
│   ├── file_114
│   ├── file_115
│   ├── file_116
│   ├── file_117
│   ├── file_118
│   ├── file_119
│   ├── file_120
│   ├── file_121
│   ├── file_122
│   ├── file_123
│   ├── file_124
│   ├── file_125
│   ├── file_126
│   ├── file_127
│   ├── file_128
│   ├── file_129
│   ├── file_130
│   ├── file_131
│   ├── file_132
│   ├── file_133
│   ├── file_134
│   ├── file_135
│   ├── file_136
│   ├── file_137
│   ├── file_138
│   ├── file_139
│   ├── file_140
│   ├── file_141
│   ├── file_142
│   ├── file_143
│   ├── file_144
│   ├── file_145
│   ├── file_146
│   ├── file_147
│   ├── file_148
│   ├── file_149
│   ├── file_150
│   ├── file_151
│   ├── file_152
│   ├── file_153
│   ├── file_154
│   ├── file_155
│   ├── file_156
│   ├── file_157
│   ├── file_158
│   ├── file_159
│   ├── file_160
│   ├── file_161
│   ├── file_162
│   ├── file_163
│   ├── file_164
│   ├── file_165
│   ├── file_166
│   ├── file_167
│   ├── file_168
│   ├── file_169
│   ├── file_170
│   ├── file_171
│   ├── file_172
│   ├── file_173
│   ├── file_174
│   ├── file_175
│   ├── file_176
│   ├── file_177
│   ├── file_178
│   ├── file_179
│   ├── file_180
│   ├── file_181
│   ├── file_182
│   ├── file_183
│   ├── file_184
│   ├── file_185
│   ├── file_186
│   ├── file_187
│   ├── file_188
│   ├── file_189
│   ├── file_190
│   ├── file_191
│   ├── file_192
│   ├── file_193
│   ├── file_194
│   ├── file_195
│   ├── file_196
│   ├── file_197
│   ├── file_198
│   ├── file_199
│   ├── file_200
│   ├── file_201
│   ├── file_202
│   ├── file_203
│   ├── file_204
│   ├── file_205
│   ├── file_206
│   ├── file_207
│   ├── file_208
│   ├── file_209
│   ├── file_210
│   ├── file_211
│   ├── file_212
│   ├── file_213
│   ├── file_214
│   ├── file_215
│   ├── file_216
│   ├── file_217
│   ├── file_218
│   ├── file_219
│   ├── file_220
│   ├── file_221
│   ├── file_222
│   ├── file_223
│   ├── file_224
│   ├── file_225
│   ├── file_226
│   ├── file_227
│   ├── file_228
│   ├── file_229
│   ├── file_230
│   ├── file_231
│   ├── file_232
│   ├── file_233
│   ├── file_234
│   ├── file_235
│   ├── file_236
│   ├── file_237
│   ├── file_238
│   ├── file_239
│   ├── file_240
│   ├── file_241
│   ├── file_242
│   ├── file_243
│   ├── file_244
│   ├── file_245
│   ├── file_246
│   ├── file_247
│   ├── file_248
│   ├── file_249
│   ├── file_250
│   ├── file_251
│   ├── file_252
│   ├── file_253
│   ├── file_254
│   ├── file_255
│   ├── file_256
│   ├── file_257
│   ├── file_258
│   ├── file_259
│   ├── file_260
│   ├── file_261
│   ├── file_262
│   ├── file_263
│   ├── file_264
│   ├── file_265
│   ├── file_266
│   ├── file_267
│   ├── file_268
│   ├── file_269
│   ├── file_270
│   ├── file_271
│   ├── file_272
│   ├── file_273
│   ├── file_274
│   ├── file_275
│   ├── file_276
│   ├── file_277
│   ├── file_278
│   ├── file_279
│   ├── file_280
│   ├── file_281
│   ├── file_282
│   ├── file_283
│   ├── file_284
│   ├── file_285
│   ├── file_286
│   ├── file_287
│   ├── file_288
│   ├── file_289
│   ├── file_290
│   ├── file_291
│   ├── file_292
│   ├── file_293
│   ├── file_294
│   ├── file_295
│   ├── file_296
│   ├── file_297
│   ├── file_298
│   ├── file_299
│   ├── file_300
│   ├── file_301
│   ├── file_302
│   ├── file_303
│   ├── file_304
│   ├── file_305
│   ├── file_306
│   ├── file_307
│   ├── file_308
│   ├── file_309
│   ├── file_310
│   ├── file_311
│   ├── file_312
│   ├── file_313
│   ├── file_314
│   ├── file_315
│   ├── file_316
│   ├── file_317
│   ├── file_318
│   ├── file_319
│   ├── file_320
│   ├── file_321
│   ├── file_322
│   ├── file_323
│   ├── file_324
│   ├── file_325
│   ├── file_326
│   ├── file_327
│   ├── file_328
│   ├── file_329
│   ├── file_330
│   ├── file_331
│   ├── file_332
│   ├── file_333
│   ├── file_334
│   ├── file_335
│   ├── file_336
│   ├── file_337
│   ├── file_338
│   ├── file_339
│   ├── file_340
│   ├── file_341
│   ├── file_342
│   ├── file_343
│   ├── file_344
│   ├── file_345
│   ├── file_346
│   ├── file_347
│   ├── file_348
│   ├── file_349
│   ├── file_350
│   ├── file_351
│   ├── file_352
│   ├── file_353
│   ├── file_354
│   ├── file_355
│   ├── file_356
│   ├── file_357
│   ├── file_358
│   ├── file_359
│   ├── file_360
│   ├── file_361
│   ├── file_362
│   ├── file_363
│   ├── file_364
│   ├── file_365
│   ├── file_366
│   ├── file_367
│   ├── file_368
│   ├── file_369
│   ├── file_370
│   ├── file_371
│   ├── file_372
│   ├── file_373
│   ├── file_374
│   ├── file_375
│   ├── file_376
│   ├── file_377
│   ├── file_378
│   ├── file_379
│   ├── file_380
│   ├── file_381
│   ├── file_382
│   ├── file_383
│   ├── file_384
│   ├── file_385
│   ├── file_386
│   ├── file_387
│   ├── file_388
│   ├── file_389
│   ├── file_390
│   ├── file_391
│   ├── file_392
│   ├── file_393
│   ├── file_394
│   ├── file_395
│   ├── file_396
│   ├── file_397
│   ├── file_398
│   ├── file_399
│   ├── file_400
│   ├── file_401
│   ├── file_402
│   ├── file_403
│   ├── file_404
│   ├── file_405
│   ├── file_406
│   ├── file_407
│   ├── file_408
│   ├── file_409
│   ├── file_410
│   ├── file_411
│   ├── file_412
│   ├── file_413
│   ├── file_414
│   ├── file_415
│   ├── file_416
│   ├── file_417
│   ├── file_418
│   ├── file_419
│   ├── file_420
│   ├── file_421
│   ├── file_422
│   ├── file_423
│   ├── file_424
│   ├── file_425
│   ├── file_426
│   ├── file_427
│   ├── file_428
│   ├── file_429
│   ├── file_430
│   ├── file_431
│   ├── file_432
│   ├── file_433
│   ├── file_434
│   ├── file_435
│   ├── file_436
│   ├── file_437
│   ├── file_438
│   ├── file_439
│   ├── file_440
│   ├── file_441
│   ├── file_442
│   ├── file_443
│   ├── file_444
│   ├── file_445
│   ├── file_446
│   ├── file_447
│   ├── file_448
│   ├── file_449
│   ├── file_450
│   ├── file_451
│   ├── file_452
│   ├── file_453
│   ├── file_454
│   ├── file_455
│   ├── file_456
│   ├── file_457
│   ├── file_458
│   ├── file_459
│   ├── file_460
│   ├── file_461
│   ├── file_462
│   ├── file_463
│   ├── file_464
│   ├── file_465
│   ├── file_466
│   ├── file_467
│   ├── file_468
│   ├── file_469
│   ├── file_470
│   ├── file_471
│   ├── file_472
│   ├── file_473
│   ├── file_474
│   ├── file_475
│   ├── file_476
│   ├── file_477
│   ├── file_478
│   ├── file_479
│   ├── file_480
│   ├── file_481
│   ├── file_482
│   ├── file_483
│   ├── file_484
│   ├── file_485
│   ├── file_486
│   ├── file_487
│   ├── file_488
│   ├── file_489
│   ├── file_490
│   ├── file_491
│   ├── file_492
│   ├── file_493
│   ├── file_494
│   ├── file_495
│   ├── file_496
│   ├── file_497
│   ├── file_498
│   ├── file_499
│   ├── file_500
│   ├── file_501
│   ├── file_502
│   ├── file_503
│   ├── file_504
│   ├── file_505
│   ├── file_506
│   ├── file_507
│   ├── file_508
│   ├── file_509
│   ├── file_510
│   ├── file_511
│   ├── file_512
│   ├── file_513
│   ├── file_514
│   ├── file_515
│   ├── file_516
│   ├── file_517
│   ├── file_518
│   ├── file_519
│   ├── file_520
│   ├── file_521
│   ├── file_522
│   ├── file_523
│   ├── file_524
│   ├── file_525
│   ├── file_526
│   ├── file_527
│   ├── file_528
│   ├── file_529
│   ├── file_530
│   ├── file_531
│   ├── file_532
│   ├── file_533
│   ├── file_534
│   ├── file_535
│   ├── file_536
│   ├── file_537
│   ├── file_538
│   ├── file_539
│   ├── file_540
│   ├── file_541
│   ├── file_542
│   ├── file_543
│   ├── file_544
│   ├── file_545
│   ├── file_546
│   ├── file_547
│   ├── file_548
│   ├── file_549
│   ├── file_550
│   ├── file_551
│   ├── file_552
│   ├── file_553
│   ├── file_554
│   ├── file_555
│   ├── file_556
│   ├── file_557
│   ├── file_558
│   ├── file_559
│   ├── file_560
│   ├── file_561
│   ├── file_562
│   ├── file_563
│   ├── file_564
│   ├── file_565
│   ├── file_566
│   ├── file_567
│   ├── file_568
│   ├── file_569
│   ├── file_570
│   ├── file_571
│   ├── file_572
│   ├── file_573
│   ├── file_574
│   ├── file_575
│   ├── file_576
│   ├── file_577
│   ├── file_578
│   ├── file_579
│   ├── file_580
│   ├── file_581
│   ├── file_582
│   ├── file_583
│   ├── file_584
│   ├── file_585
│   ├── file_586
│   ├── file_587
│   ├── file_588
│   ├── file_589
│   ├── file_590
│   ├── file_591
│   ├── file_592
│   ├── file_593
│   ├── file_594
│   ├── file_595
│   ├── file_596
│   ├── file_597
│   ├── file_598
│   ├── file_599
│   ├── file_600
│   ├── file_601
│   ├── file_602
│   ├── file_603
│   ├── file_604
│   ├── file_605
│   ├── file_606
│   ├── file_607
│   ├── file_608
│   ├── file_609
│   ├── file_610
│   ├── file_611
│   ├── file_612
│   ├── file_613
│   ├── file_614
│   ├── file_615
│   ├── file_616
│   ├── file_617
│   ├── file_618
│   ├── file_619
│   ├── file_620
│   ├── file_621
│   ├── file_622
│   ├── file_623
│   ├── file_624
│   ├── file_625
│   ├── file_626
│   ├── file_627
│   ├── file_628
│   ├── file_629
│   ├── file_630
│   ├── file_631
│   ├── file_632
│   ├── file_633
│   ├── file_634
│   ├── file_635
│   ├── file_636
│   ├── file_637
│   ├── file_638
│   ├── file_639
│   ├── file_640
│   ├── file_641
│   ├── file_642
│   ├── file_643
│   ├── file_644
│   ├── file_645
│   ├── file_646
│   ├── file_647
│   ├── file_648
│   ├── file_649
│   ├── file_650
│   ├── file_651
│   ├── file_652
│   ├── file_653
│   ├── file_654
│   ├── file_655
│   ├── file_656
│   ├── file_657
│   ├── file_658
│   ├── file_659
│   ├── file_660
│   ├── file_661
│   ├── file_662
│   ├── file_663
│   ├── file_664
│   ├── file_665
│   ├── file_666
│   ├── file_667
│   ├── file_668
│   ├── file_669
│   ├── file_670
│   ├── file_671
│   ├── file_672
│   ├── file_673
│   ├── file_674
│   ├── file_675
│   ├── file_676
│   ├── file_677
│   ├── file_678
│   ├── file_679
│   ├── file_680
│   ├── file_681
│   ├── file_682
│   ├── file_683
│   ├── file_684
│   ├── file_685
│   ├── file_686
│   ├── file_687
│   ├── file_688
│   ├── file_689
│   ├── file_690
│   ├── file_691
│   ├── file_692
│   ├── file_693
│   ├── file_694
│   ├── file_695
│   ├── file_696
│   ├── file_697
│   ├── file_698
│   ├── file_699
│   ├── file_700
│   ├── file_701
│   ├── file_702
│   ├── file_703
│   ├── file_704
│   ├── file_705
│   ├── file_706
│   ├── file_707
│   ├── file_708
│   ├── file_709
│   ├── file_710
│   ├── file_711
│   ├── file_712
│   ├── file_713
│   ├── file_714
│   ├── file_715
│   ├── file_716
│   ├── file_717
│   ├── file_718
│   ├── file_719
│   ├── file_720
│   ├── file_721
│   ├── file_722
│   ├── file_723
│   ├── file_724
│   ├── file_725
│   ├── file_726
│   ├── file_727
│   ├── file_728
│   ├── file_729
│   ├── file_730
│   ├── file_731
│   ├── file_732
│   ├── file_733
│   ├── file_734
│   ├── file_735
│   ├── file_736
│   ├── file_737
│   ├── file_738
│   ├── file_739
│   ├── file_740
│   ├── file_741
│   ├── file_742
│   ├── file_743
│   ├── file_744
│   ├── file_745
│   ├── file_746
│   ├── file_747
│   ├── file_748
│   ├── file_749
│   ├── file_750
│   ├── file_751
│   ├── file_752
│   ├── file_753
│   ├── file_754
│   ├── file_755
│   ├── file_756
│   ├── file_757
│   ├── file_758
│   ├── file_759
│   ├── file_760
│   ├── file_761
│   ├── file_762
│   ├── file_763
│   ├── file_764
│   ├── file_765
│   ├── file_766
│   ├── file_767
│   ├── file_768
│   ├── file_769
│   ├── file_770
│   ├── file_771
│   ├── file_772
│   ├── file_773
│   ├── file_774
│   ├── file_775
│   ├── file_776
│   ├── file_777
│   ├── file_778
│   ├── file_779
│   ├── file_780
│   ├── file_781
│   ├── file_782
│   ├── file_783
│   ├── file_784
│   ├── file_785
│   ├── file_786
│   ├── file_787
│   ├── file_788
│   ├── file_789
│   ├── file_790
│   ├── file_791
│   ├── file_792
│   ├── file_793
│   ├── file_794
│   ├── file_795
│   ├── file_796
│   ├── file_797
│   ├── file_798
│   ├── file_799
│   ├── file_800
│   ├── file_801
│   ├── file_802
│   ├── file_803
│   ├── file_804
│   ├── file_805
│   ├── file_806
│   ├── file_807
│   ├── file_808
│   ├── file_809
│   ├── file_810
│   ├── file_811
│   ├── file_812
│   ├── file_813
│   ├── file_814
│   ├── file_815
│   ├── file_816
│   ├── file_817
│   ├── file_818
│   ├── file_819
│   ├── file_820
│   ├── file_821
│   ├── file_822
│   ├── file_823
│   ├── file_824
│   ├── file_825
│   ├── file_826
│   ├── file_827
│   ├── file_828
│   ├── file_829
│   ├── file_830
│   ├── file_831
│   ├── file_832
│   ├── file_833
│   ├── file_834
│   ├── file_835
│   ├── file_836
│   ├── file_837
│   ├── file_838
│   ├── file_839
│   ├── file_840
│   ├── file_841
│   ├── file_842
│   ├── file_843
│   ├── file_844
│   ├── file_845
│   ├── file_846
│   ├── file_847
│   ├── file_848
│   ├── file_849
│   ├── file_850
│   ├── file_851
│   ├── file_852
│   ├── file_853
│   ├── file_854
│   ├── file_855
│   ├── file_856
│   ├── file_857
│   ├── file_858
│   ├── file_859
│   ├── file_860
│   ├── file_861
│   ├── file_862
│   ├── file_863
│   ├── file_864
│   ├── file_865
│   ├── file_866
│   ├── file_867
│   ├── file_868
│   ├── file_869
│   ├── file_870
│   ├── file_871
│   ├── file_872
│   ├── file_873
│   ├── file_874
│   ├── file_875
│   ├── file_876
│   ├── file_877
│   ├── file_878
│   ├── file_879
│   ├── file_880
│   ├── file_881
│   ├── file_882
│   ├── file_883
│   ├── file_884
│   ├── file_885
│   ├── file_886
│   ├── file_887
│   ├── file_888
│   ├── file_889
│   ├── file_890
│   ├── file_891
│   ├── file_892
│   ├── file_893
│   ├── file_894
│   ├── file_895
│   ├── file_896
│   ├── file_897
│   ├── file_898
│   ├── file_899
│   ├── file_900
│   ├── file_901
│   ├── file_902
│   ├── file_903
│   ├── file_904
│   ├── file_905
│   ├── file_906
│   ├── file_907
│   ├── file_908
│   ├── file_909
│   ├── file_910
│   ├── file_911
│   ├── file_912
│   ├── file_913
│   ├── file_914
│   ├── file_915
│   ├── file_916
│   ├── file_917
│   ├── file_918
│   ├── file_919
│   ├── file_920
│   ├── file_921
│   ├── file_922
│   ├── file_923
│   ├── file_924
│   ├── file_925
│   ├── file_926
│   ├── file_927
│   ├── file_928
│   ├── file_929
│   ├── file_930
│   ├── file_931
│   ├── file_932
│   ├── file_933
│   ├── file_934
│   ├── file_935
│   ├── file_936
│   ├── file_937
│   ├── file_938
│   ├── file_939
│   ├── file_940
│   ├── file_941
│   ├── file_942
│   ├── file_943
│   ├── file_944
│   ├── file_945
│   ├── file_946
│   ├── file_947
│   ├── file_948
│   ├── file_949
│   ├── file_950
│   ├── file_951
│   ├── file_952
│   ├── file_953
│   ├── file_954
│   ├── file_955
│   ├── file_956
│   ├── file_957
│   ├── file_958
│   ├── file_959
│   ├── file_960
│   ├── file_961
│   ├── file_962
│   ├── file_963
│   ├── file_964
│   ├── file_965
│   ├── file_966
│   ├── file_967
│   ├── file_968
│   ├── file_969
│   ├── file_970
│   ├── file_971
│   ├── file_972
│   ├── file_973
│   ├── file_974
│   ├── file_975
│   ├── file_976
│   ├── file_977
│   ├── file_978
│   ├── file_979
│   ├── file_980
│   ├── file_981
│   ├── file_982
│   ├── file_983
│   ├── file_984
│   ├── file_985
│   ├── file_986
│   ├── file_987
│   ├── file_988
│   ├── file_989
│   ├── file_990
│   ├── file_991
│   ├── file_992
│   ├── file_993
│   ├── file_994
│   ├── file_995
│   ├── file_996
│   ├── file_997
│   ├── file_998
│   └── file_999
├── group
│   └── file
├── icons
│   ├── c++.cpp
│   ├── c.c
│   ├── css.css
│   ├── file
│   ├── go.go
│   ├── html.html
│   ├── java.java
│   ├── javascript.js
│   ├── man.1
│   ├── marked.md
│   ├── php.php
│   ├── python.py
│   ├── ruby.rb
│   ├── rust.rs
│   ├── shell.sh
│   └── unknown.unknown
├── perms
│   ├── file
│   └── file2
├── size
│   ├── 1B
│   ├── 1K
│   ├── 1M
│   └── 1337
├── specials
├── symlinks
│   ├── dir
│   ├── file
│   ├── ' lorem ipsum'
│   ├── symlink -> file
│   ├── symlink2 -> symlink
│   ├── symlink3 -> dir
│   └── symlink4 -> pipitek
└── time
    ├── 1d
    ├── 1h
    ├── 1m
    ├── 1s
    ├── 1y
    └── epoch
