eza - A modern, maintained replacement for ls
v0.22.0 [+git] (pre-release debug build!)
https://github.com/eza-community/eza
