archives  icons     symlinks
git       perms     time
grid      size
group     specials
