time
symlinks
specials
size
perms
icons
group
grid
git
archives
