[CWD]/tests/test_dir/archives
[CWD]/tests/test_dir/git
[CWD]/tests/test_dir/grid
[CWD]/tests/test_dir/group
[CWD]/tests/test_dir/icons
[CWD]/tests/test_dir/perms
[CWD]/tests/test_dir/size
[CWD]/tests/test_dir/specials
[CWD]/tests/test_dir/symlinks
[CWD]/tests/test_dir/time
