git    size
grid   specials
group  symlinks
icons  time
perms
