]8;;file://[CWD]/tests/test_dir/archives/archives]8;;/
]8;;file://[CWD]/tests/test_dir/git/git]8;;/
]8;;file://[CWD]/tests/test_dir/grid/grid]8;;/
]8;;file://[CWD]/tests/test_dir/group/group]8;;/
]8;;file://[CWD]/tests/test_dir/icons/icons]8;;/
]8;;file://[CWD]/tests/test_dir/perms/perms]8;;/
]8;;file://[CWD]/tests/test_dir/size/size]8;;/
]8;;file://[CWD]/tests/test_dir/specials/specials]8;;/
]8;;file://[CWD]/tests/test_dir/symlinks/symlinks]8;;/
]8;;file://[CWD]/tests/test_dir/time/time]8;;/
