tests/test_dir
├── archives
├── git
├── grid
├── group
├── icons
├── perms
├── size
├── specials
├── symlinks
└── time
