tests/test_dir/git/with_submodule
├── 001
├── file_000
├── file_001
├── file_002
├── file_003
├── file_004
├── file_005
├── file_006
├── file_007
├── file_008
└── file_009
