drwxr-xr-x - nixbld 55 years archives
drwxr-xr-x - nixbld 55 years git
drwxr-xr-x - nixbld 55 years grid
drwxr-xr-x - nixbld 55 years group
drwxr-xr-x - nixbld 55 years icons
drwxr-xr-x - nixbld 55 years perms
drwxr-xr-x - nixbld 55 years size
drwxr-xr-x - nixbld 55 years specials
drwxr-xr-x - nixbld 55 years symlinks
drwxr-xr-x - nixbld 55 years time
