0755 drwxr-xr-x - nixbld  1 Jan  1970 archives
0755 drwxr-xr-x - nixbld  1 Jan  1970 git
0755 drwxr-xr-x - nixbld  1 Jan  1970 grid
0755 drwxr-xr-x - nixbld  1 Jan  1970 group
0755 drwxr-xr-x - nixbld  1 Jan  1970 icons
0755 drwxr-xr-x - nixbld  1 Jan  1970 perms
0755 drwxr-xr-x - nixbld  1 Jan  1970 size
0755 drwxr-xr-x - nixbld  1 Jan  1970 specials
0755 drwxr-xr-x - nixbld  1 Jan  1970 symlinks
0755 drwxr-xr-x - nixbld  1 Jan  1970 time
