thread 'main' panicked at src/options/view.rs:379:25:
Custom timestamp format for recent files is empty, please supply a chrono format string at the second line.
note: run with `RUST_BACKTRACE=1` environment variable to display a backtrace
