thread 'main' panicked at src/options/view.rs:363:47:
Custom timestamp format is empty, please supply a chrono format string after the plus sign.
note: run with `RUST_BACKTRACE=1` environment variable to display a backtrace
