drwxr-xr-x - nixbld  1 Jan  1970 git
drwxr-xr-x - nixbld  1 Jan  1970 grid
drwxr-xr-x - nixbld  1 Jan  1970 group
drwxr-xr-x - nixbld  1 Jan  1970 icons
drwxr-xr-x - nixbld  1 Jan  1970 perms
drwxr-xr-x - nixbld  1 Jan  1970 size
drwxr-xr-x - nixbld  1 Jan  1970 specials
drwxr-xr-x - nixbld  1 Jan  1970 symlinks
drwxr-xr-x - nixbld  1 Jan  1970 time
